[  174409ms] [ERROR] WebSocket connection to 'ws://localhost:3000/_next/webpack-hmr?id=qvj7TtLTTLAFZOHu8hOZo' failed:  @ http://localhost:3000/_next/static/chunks/node_modules_next_dist_client_17643121._.js:10878
[  175419ms] [ERROR] WebSocket connection to 'ws://localhost:3000/_next/webpack-hmr?id=qvj7TtLTTLAFZOHu8hOZo' failed: Error in connection establishment: net::ERR_CONNECTION_REFUSED @ http://localhost:3000/_next/static/chunks/node_modules_next_dist_client_17643121._.js:10878
[  176422ms] [ERROR] WebSocket connection to 'ws://localhost:3000/_next/webpack-hmr?id=qvj7TtLTTLAFZOHu8hOZo' failed: Error in connection establishment: net::ERR_CONNECTION_REFUSED @ http://localhost:3000/_next/static/chunks/node_modules_next_dist_client_17643121._.js:10878
[  177424ms] [ERROR] WebSocket connection to 'ws://localhost:3000/_next/webpack-hmr?id=qvj7TtLTTLAFZOHu8hOZo' failed: Error in connection establishment: net::ERR_CONNECTION_REFUSED @ http://localhost:3000/_next/static/chunks/node_modules_next_dist_client_17643121._.js:10878
[ 3813883ms] [ERROR] ./src/app/(employee)
You cannot have two parallel pages that resolve to the same path. Please check /(dashboard)/fil-actualite and /(employee). @ http://localhost:3000/_next/static/chunks/node_modules_next_dist_f3530cac._.js:3127
[ 3813920ms] [ERROR] ./src/app/(employee)
You cannot have two parallel pages that resolve to the same path. Please check /(dashboard)/fil-actualite and /(employee). @ http://localhost:3000/_next/static/chunks/node_modules_next_dist_f3530cac._.js:3127
[ 3814485ms] [ERROR] ./src/app/(employee)
You cannot have two parallel pages that resolve to the same path. Please check /(dashboard)/fil-actualite and /(employee). @ http://localhost:3000/_next/static/chunks/node_modules_next_dist_f3530cac._.js:3127
[ 3814629ms] [ERROR] ./src/app/(employee)
You cannot have two parallel pages that resolve to the same path. Please check /(dashboard)/fil-actualite and /(employee). @ http://localhost:3000/_next/static/chunks/node_modules_next_dist_f3530cac._.js:3127
[ 3814813ms] [ERROR] ./src/app/(employee)
You cannot have two parallel pages that resolve to the same path. Please check /(dashboard)/fil-actualite and /(employee). @ http://localhost:3000/_next/static/chunks/node_modules_next_dist_f3530cac._.js:3127
[ 3814879ms] [ERROR] Failed to load resource: the server responded with a status of 500 (Internal Server Error) @ http://localhost:3000/mon-planning?_rsc=1hk1a:0
[ 3814897ms] [ERROR] Failed to load resource: the server responded with a status of 500 (Internal Server Error) @ http://localhost:3000/mon-planning?_rsc=1hk1a:0
[ 3814926ms] [ERROR] Failed to load resource: the server responded with a status of 500 (Internal Server Error) @ http://localhost:3000/mon-planning?_rsc=1hk1a:0
[ 3814959ms] [ERROR] Failed to load resource: the server responded with a status of 500 (Internal Server Error) @ http://localhost:3000/mon-planning:0
[ 3815168ms] Error: ./src/app/(employee)
You cannot have two parallel pages that resolve to the same path. Please check /(dashboard)/fil-actualite and /(employee).

    at Object.getCompilationErrors (file:///Users/omarfartas/time_win/node_modules/next/dist/server/dev/hot-reloader-turbopack.js:997:55)
    at DevBundlerService.getCompilationError (file:///Users/omarfartas/time_win/node_modules/next/dist/server/lib/dev-bundler-service.js:44:55)
    at DevServer.getCompilationError (file:///Users/omarfartas/time_win/node_modules/next/dist/server/dev/next-dev-server.js:706:42)
    at DevServer.findPageComponents (file:///Users/omarfartas/time_win/node_modules/next/dist/server/dev/next-dev-server.js:676:43)
    at async DevServer.renderErrorToResponseImpl (file:///Users/omarfartas/time_win/node_modules/next/dist/server/base-server.js:1733:26)
[ 3815192ms] [ERROR] ./src/app/(employee)
You cannot have two parallel pages that resolve to the same path. Please check /(dashboard)/fil-actualite and /(employee). @ http://localhost:3000/_next/static/chunks/node_modules_next_dist_b3fb3b5f._.js:1920
[ 3815192ms] [ERROR] ./src/app/(employee)
You cannot have two parallel pages that resolve to the same path. Please check /(dashboard)/fil-actualite and /(employee). @ http://localhost:3000/_next/static/chunks/node_modules_next_dist_b3fb3b5f._.js:1920
[ 3815192ms] [ERROR] ./src/app/(employee)
You cannot have two parallel pages that resolve to the same path. Please check /(dashboard)/fil-actualite and /(employee). @ http://localhost:3000/_next/static/chunks/node_modules_next_dist_b3fb3b5f._.js:1920
[ 3815192ms] [ERROR] ./src/app/(employee)
You cannot have two parallel pages that resolve to the same path. Please check /(dashboard)/fil-actualite and /(employee). @ http://localhost:3000/_next/static/chunks/node_modules_next_dist_b3fb3b5f._.js:1920
[ 3815192ms] [ERROR] ./src/app/(employee)
You cannot have two parallel pages that resolve to the same path. Please check /(dashboard)/fil-actualite and /(employee). @ http://localhost:3000/_next/static/chunks/node_modules_next_dist_b3fb3b5f._.js:1920
[ 3815192ms] [ERROR] ./src/app/(employee)
You cannot have two parallel pages that resolve to the same path. Please check /(dashboard)/fil-actualite and /(employee). @ http://localhost:3000/_next/static/chunks/node_modules_next_dist_b3fb3b5f._.js:1920
[ 3815769ms] [ERROR] ./src/app/(employee)
You cannot have two parallel pages that resolve to the same path. Please check /(dashboard)/fil-actualite and /(employee). @ http://localhost:3000/_next/static/chunks/node_modules_next_dist_b3fb3b5f._.js:1920
[ 3815857ms] [ERROR] ./src/app/(employee)
You cannot have two parallel pages that resolve to the same path. Please check /(dashboard)/fil-actualite and /(employee). @ http://localhost:3000/_next/static/chunks/node_modules_next_dist_b3fb3b5f._.js:1920
[ 3816798ms] [ERROR] ./src/app/(employee)
You cannot have two parallel pages that resolve to the same path. Please check /(dashboard)/fil-actualite and /(employee). @ http://localhost:3000/_next/static/chunks/node_modules_next_dist_b3fb3b5f._.js:1920
[ 3859918ms] [ERROR] ./src/app/(employee)
You cannot have two parallel pages that resolve to the same path. Please check /(dashboard)/fil-actualite and /(employee). @ http://localhost:3000/_next/static/chunks/node_modules_next_dist_b3fb3b5f._.js:1920
[ 3874976ms] [ERROR] ./src/app/(employee)
You cannot have two parallel pages that resolve to the same path. Please check /(dashboard)/fil-actualite and /(employee). @ http://localhost:3000/_next/static/chunks/node_modules_next_dist_b3fb3b5f._.js:1920
[ 3875136ms] [ERROR] ./src/app/(employee)
You cannot have two parallel pages that resolve to the same path. Please check /(dashboard)/fil-actualite and /(employee). @ http://localhost:3000/_next/static/chunks/node_modules_next_dist_b3fb3b5f._.js:1920
[ 3875184ms] [ERROR] ./src/app/(employee)
You cannot have two parallel pages that resolve to the same path. Please check /(dashboard)/fil-actualite and /(employee). @ http://localhost:3000/_next/static/chunks/node_modules_next_dist_b3fb3b5f._.js:1920
[ 3876348ms] [ERROR] ./src/app/(employee)
You cannot have two parallel pages that resolve to the same path. Please check /(dashboard)/fil-actualite and /(employee). @ http://localhost:3000/_next/static/chunks/node_modules_next_dist_b3fb3b5f._.js:1920
[ 3877634ms] [ERROR] Failed to load resource: the server responded with a status of 500 (Internal Server Error) @ http://localhost:3000/mon-planning:0
[ 3877708ms] Error: ./src/app/(employee)
You cannot have two parallel pages that resolve to the same path. Please check /(dashboard)/fil-actualite and /(employee).

    at Object.getCompilationErrors (file:///Users/omarfartas/time_win/node_modules/next/dist/server/dev/hot-reloader-turbopack.js:997:55)
    at DevBundlerService.getCompilationError (file:///Users/omarfartas/time_win/node_modules/next/dist/server/lib/dev-bundler-service.js:44:55)
    at DevServer.getCompilationError (file:///Users/omarfartas/time_win/node_modules/next/dist/server/dev/next-dev-server.js:706:42)
    at DevServer.findPageComponents (file:///Users/omarfartas/time_win/node_modules/next/dist/server/dev/next-dev-server.js:676:43)
    at async DevServer.renderErrorToResponseImpl (file:///Users/omarfartas/time_win/node_modules/next/dist/server/base-server.js:1733:26)
[ 3877695ms] [ERROR] ./src/app/(employee)
You cannot have two parallel pages that resolve to the same path. Please check /(dashboard)/fil-actualite and /(employee). @ http://localhost:3000/_next/static/chunks/node_modules_next_dist_b3fb3b5f._.js:1920
[ 3877695ms] [ERROR] ./src/app/(employee)
You cannot have two parallel pages that resolve to the same path. Please check /(dashboard)/fil-actualite and /(employee). @ http://localhost:3000/_next/static/chunks/node_modules_next_dist_b3fb3b5f._.js:1920
[ 3877695ms] [ERROR] ./src/app/(employee)
You cannot have two parallel pages that resolve to the same path. Please check /(dashboard)/fil-actualite and /(employee). @ http://localhost:3000/_next/static/chunks/node_modules_next_dist_b3fb3b5f._.js:1920
[ 3877695ms] [ERROR] ./src/app/(employee)
You cannot have two parallel pages that resolve to the same path. Please check /(dashboard)/fil-actualite and /(employee). @ http://localhost:3000/_next/static/chunks/node_modules_next_dist_b3fb3b5f._.js:1920
[ 3877695ms] [ERROR] ./src/app/(employee)
You cannot have two parallel pages that resolve to the same path. Please check /(dashboard)/fil-actualite and /(employee). @ http://localhost:3000/_next/static/chunks/node_modules_next_dist_b3fb3b5f._.js:1920
[ 3877695ms] [ERROR] ./src/app/(employee)
You cannot have two parallel pages that resolve to the same path. Please check /(dashboard)/fil-actualite and /(employee). @ http://localhost:3000/_next/static/chunks/node_modules_next_dist_b3fb3b5f._.js:1920
[ 3877727ms] [ERROR] ./src/app/(employee)
You cannot have two parallel pages that resolve to the same path. Please check /(dashboard)/fil-actualite and /(employee). @ http://localhost:3000/_next/static/chunks/node_modules_next_dist_b3fb3b5f._.js:1920
[ 3884342ms] [ERROR] Failed to load resource: the server responded with a status of 500 (Internal Server Error) @ http://localhost:3000/mon-planning:0
[ 3884447ms] Error: ./src/app/(employee)
You cannot have two parallel pages that resolve to the same path. Please check /(dashboard)/fil-actualite and /(employee).

    at Object.getCompilationErrors (file:///Users/omarfartas/time_win/node_modules/next/dist/server/dev/hot-reloader-turbopack.js:997:55)
    at DevBundlerService.getCompilationError (file:///Users/omarfartas/time_win/node_modules/next/dist/server/lib/dev-bundler-service.js:44:55)
    at DevServer.getCompilationError (file:///Users/omarfartas/time_win/node_modules/next/dist/server/dev/next-dev-server.js:706:42)
    at DevServer.findPageComponents (file:///Users/omarfartas/time_win/node_modules/next/dist/server/dev/next-dev-server.js:676:43)
    at async DevServer.renderErrorToResponseImpl (file:///Users/omarfartas/time_win/node_modules/next/dist/server/base-server.js:1733:26)
[ 3884418ms] [ERROR] ./src/app/(employee)
You cannot have two parallel pages that resolve to the same path. Please check /(dashboard)/fil-actualite and /(employee). @ http://localhost:3000/_next/static/chunks/node_modules_next_dist_b3fb3b5f._.js:1920
[ 3884418ms] [ERROR] ./src/app/(employee)
You cannot have two parallel pages that resolve to the same path. Please check /(dashboard)/fil-actualite and /(employee). @ http://localhost:3000/_next/static/chunks/node_modules_next_dist_b3fb3b5f._.js:1920
[ 3884418ms] [ERROR] ./src/app/(employee)
You cannot have two parallel pages that resolve to the same path. Please check /(dashboard)/fil-actualite and /(employee). @ http://localhost:3000/_next/static/chunks/node_modules_next_dist_b3fb3b5f._.js:1920
[ 3884418ms] [ERROR] ./src/app/(employee)
You cannot have two parallel pages that resolve to the same path. Please check /(dashboard)/fil-actualite and /(employee). @ http://localhost:3000/_next/static/chunks/node_modules_next_dist_b3fb3b5f._.js:1920
[ 3884418ms] [ERROR] ./src/app/(employee)
You cannot have two parallel pages that resolve to the same path. Please check /(dashboard)/fil-actualite and /(employee). @ http://localhost:3000/_next/static/chunks/node_modules_next_dist_b3fb3b5f._.js:1920
[ 3884418ms] [ERROR] ./src/app/(employee)
You cannot have two parallel pages that resolve to the same path. Please check /(dashboard)/fil-actualite and /(employee). @ http://localhost:3000/_next/static/chunks/node_modules_next_dist_b3fb3b5f._.js:1920
[ 3884455ms] [ERROR] ./src/app/(employee)
You cannot have two parallel pages that resolve to the same path. Please check /(dashboard)/fil-actualite and /(employee). @ http://localhost:3000/_next/static/chunks/node_modules_next_dist_b3fb3b5f._.js:1920
[ 3892730ms] [ERROR] ./src/app/(employee)
You cannot have two parallel pages that resolve to the same path. Please check /(dashboard)/fil-actualite and /(employee). @ http://localhost:3000/_next/static/chunks/node_modules_next_dist_b3fb3b5f._.js:1920
[ 3907660ms] [ERROR] ./src/app/(employee)
You cannot have two parallel pages that resolve to the same path. Please check /(dashboard)/fil-actualite and /(employee). @ http://localhost:3000/_next/static/chunks/node_modules_next_dist_b3fb3b5f._.js:1920
[ 3907964ms] [ERROR] ./src/app/(employee)
You cannot have two parallel pages that resolve to the same path. Please check /(dashboard)/fil-actualite and /(employee). @ http://localhost:3000/_next/static/chunks/node_modules_next_dist_b3fb3b5f._.js:1920
[ 3909225ms] [ERROR] Failed to load resource: the server responded with a status of 500 (Internal Server Error) @ http://localhost:3000/mon-planning:0
[ 3909322ms] Error: ./src/app/(employee)
You cannot have two parallel pages that resolve to the same path. Please check /(dashboard)/fil-actualite and /(employee).

    at Object.getCompilationErrors (file:///Users/omarfartas/time_win/node_modules/next/dist/server/dev/hot-reloader-turbopack.js:997:55)
    at DevBundlerService.getCompilationError (file:///Users/omarfartas/time_win/node_modules/next/dist/server/lib/dev-bundler-service.js:44:55)
    at DevServer.getCompilationError (file:///Users/omarfartas/time_win/node_modules/next/dist/server/dev/next-dev-server.js:706:42)
    at DevServer.findPageComponents (file:///Users/omarfartas/time_win/node_modules/next/dist/server/dev/next-dev-server.js:676:43)
    at async DevServer.renderErrorToResponseImpl (file:///Users/omarfartas/time_win/node_modules/next/dist/server/base-server.js:1733:26)
[ 3909301ms] [ERROR] ./src/app/(employee)
You cannot have two parallel pages that resolve to the same path. Please check /(dashboard)/fil-actualite and /(employee). @ http://localhost:3000/_next/static/chunks/node_modules_next_dist_b3fb3b5f._.js:1920
[ 3909301ms] [ERROR] ./src/app/(employee)
You cannot have two parallel pages that resolve to the same path. Please check /(dashboard)/fil-actualite and /(employee). @ http://localhost:3000/_next/static/chunks/node_modules_next_dist_b3fb3b5f._.js:1920
[ 3909301ms] [ERROR] ./src/app/(employee)
You cannot have two parallel pages that resolve to the same path. Please check /(dashboard)/fil-actualite and /(employee). @ http://localhost:3000/_next/static/chunks/node_modules_next_dist_b3fb3b5f._.js:1920
[ 3909301ms] [ERROR] ./src/app/(employee)
You cannot have two parallel pages that resolve to the same path. Please check /(dashboard)/fil-actualite and /(employee). @ http://localhost:3000/_next/static/chunks/node_modules_next_dist_b3fb3b5f._.js:1920
[ 3909301ms] [ERROR] ./src/app/(employee)
You cannot have two parallel pages that resolve to the same path. Please check /(dashboard)/fil-actualite and /(employee). @ http://localhost:3000/_next/static/chunks/node_modules_next_dist_b3fb3b5f._.js:1920
[ 3909301ms] [ERROR] ./src/app/(employee)
You cannot have two parallel pages that resolve to the same path. Please check /(dashboard)/fil-actualite and /(employee). @ http://localhost:3000/_next/static/chunks/node_modules_next_dist_b3fb3b5f._.js:1920
[ 3909335ms] [ERROR] ./src/app/(employee)
You cannot have two parallel pages that resolve to the same path. Please check /(dashboard)/fil-actualite and /(employee). @ http://localhost:3000/_next/static/chunks/node_modules_next_dist_b3fb3b5f._.js:1920
[ 3939191ms] [ERROR] ./src/app/(employee)
You cannot have two parallel pages that resolve to the same path. Please check /(dashboard)/annonces and /(employee). @ http://localhost:3000/_next/static/chunks/node_modules_next_dist_b3fb3b5f._.js:1920
[ 3939191ms] [ERROR] ./src/app/(employee)
You cannot have two parallel pages that resolve to the same path. Please check /(dashboard)/fil-actualite and /(employee). @ http://localhost:3000/_next/static/chunks/node_modules_next_dist_b3fb3b5f._.js:1920
[ 3939245ms] [ERROR] ./src/app/(employee)
You cannot have two parallel pages that resolve to the same path. Please check /(dashboard)/annonces and /(employee). @ http://localhost:3000/_next/static/chunks/node_modules_next_dist_b3fb3b5f._.js:1920
[ 3939245ms] [ERROR] ./src/app/(employee)
You cannot have two parallel pages that resolve to the same path. Please check /(dashboard)/fil-actualite and /(employee). @ http://localhost:3000/_next/static/chunks/node_modules_next_dist_b3fb3b5f._.js:1920
[ 3940337ms] [ERROR] ./src/app/(employee)
You cannot have two parallel pages that resolve to the same path. Please check /(dashboard)/annonces and /(employee). @ http://localhost:3000/_next/static/chunks/node_modules_next_dist_b3fb3b5f._.js:1920
[ 3940337ms] [ERROR] ./src/app/(employee)
You cannot have two parallel pages that resolve to the same path. Please check /(dashboard)/fil-actualite and /(employee). @ http://localhost:3000/_next/static/chunks/node_modules_next_dist_b3fb3b5f._.js:1920
[ 3940382ms] [ERROR] ./src/app/(employee)
You cannot have two parallel pages that resolve to the same path. Please check /(dashboard)/annonces and /(employee). @ http://localhost:3000/_next/static/chunks/node_modules_next_dist_b3fb3b5f._.js:1920
[ 3940383ms] [ERROR] ./src/app/(employee)
You cannot have two parallel pages that resolve to the same path. Please check /(dashboard)/fil-actualite and /(employee). @ http://localhost:3000/_next/static/chunks/node_modules_next_dist_b3fb3b5f._.js:1920
[ 3940555ms] [ERROR] ./src/app/(employee)
You cannot have two parallel pages that resolve to the same path. Please check /(dashboard)/annonces and /(employee). @ http://localhost:3000/_next/static/chunks/node_modules_next_dist_b3fb3b5f._.js:1920
[ 3940555ms] [ERROR] ./src/app/(employee)
You cannot have two parallel pages that resolve to the same path. Please check /(dashboard)/fil-actualite and /(employee). @ http://localhost:3000/_next/static/chunks/node_modules_next_dist_b3fb3b5f._.js:1920
[ 3940701ms] [ERROR] ./src/app/(employee)
You cannot have two parallel pages that resolve to the same path. Please check /(dashboard)/annonces and /(employee). @ http://localhost:3000/_next/static/chunks/node_modules_next_dist_b3fb3b5f._.js:1920
[ 3940701ms] [ERROR] ./src/app/(employee)
You cannot have two parallel pages that resolve to the same path. Please check /(dashboard)/fil-actualite and /(employee). @ http://localhost:3000/_next/static/chunks/node_modules_next_dist_b3fb3b5f._.js:1920
[ 3941922ms] [ERROR] Failed to load resource: the server responded with a status of 500 (Internal Server Error) @ http://localhost:3000/mon-planning:0
[ 3942037ms] Error: ./src/app/(employee)
You cannot have two parallel pages that resolve to the same path. Please check /(dashboard)/annonces and /(employee).

    at Object.getCompilationErrors (file:///Users/omarfartas/time_win/node_modules/next/dist/server/dev/hot-reloader-turbopack.js:997:55)
    at DevBundlerService.getCompilationError (file:///Users/omarfartas/time_win/node_modules/next/dist/server/lib/dev-bundler-service.js:44:55)
    at DevServer.getCompilationError (file:///Users/omarfartas/time_win/node_modules/next/dist/server/dev/next-dev-server.js:706:42)
    at DevServer.findPageComponents (file:///Users/omarfartas/time_win/node_modules/next/dist/server/dev/next-dev-server.js:676:43)
    at async DevServer.renderErrorToResponseImpl (file:///Users/omarfartas/time_win/node_modules/next/dist/server/base-server.js:1733:26)
[ 3941984ms] [ERROR] ./src/app/(employee)
You cannot have two parallel pages that resolve to the same path. Please check /(dashboard)/annonces and /(employee). @ http://localhost:3000/_next/static/chunks/node_modules_next_dist_b3fb3b5f._.js:1920
[ 3941984ms] [ERROR] ./src/app/(employee)
You cannot have two parallel pages that resolve to the same path. Please check /(dashboard)/fil-actualite and /(employee). @ http://localhost:3000/_next/static/chunks/node_modules_next_dist_b3fb3b5f._.js:1920
[ 3941984ms] [ERROR] ./src/app/(employee)
You cannot have two parallel pages that resolve to the same path. Please check /(dashboard)/annonces and /(employee). @ http://localhost:3000/_next/static/chunks/node_modules_next_dist_b3fb3b5f._.js:1920
[ 3941984ms] [ERROR] ./src/app/(employee)
You cannot have two parallel pages that resolve to the same path. Please check /(dashboard)/fil-actualite and /(employee). @ http://localhost:3000/_next/static/chunks/node_modules_next_dist_b3fb3b5f._.js:1920
[ 3941984ms] [ERROR] ./src/app/(employee)
You cannot have two parallel pages that resolve to the same path. Please check /(dashboard)/annonces and /(employee). @ http://localhost:3000/_next/static/chunks/node_modules_next_dist_b3fb3b5f._.js:1920
[ 3941984ms] [ERROR] ./src/app/(employee)
You cannot have two parallel pages that resolve to the same path. Please check /(dashboard)/fil-actualite and /(employee). @ http://localhost:3000/_next/static/chunks/node_modules_next_dist_b3fb3b5f._.js:1920
[ 3941984ms] [ERROR] ./src/app/(employee)
You cannot have two parallel pages that resolve to the same path. Please check /(dashboard)/annonces and /(employee). @ http://localhost:3000/_next/static/chunks/node_modules_next_dist_b3fb3b5f._.js:1920
[ 3941984ms] [ERROR] ./src/app/(employee)
You cannot have two parallel pages that resolve to the same path. Please check /(dashboard)/fil-actualite and /(employee). @ http://localhost:3000/_next/static/chunks/node_modules_next_dist_b3fb3b5f._.js:1920
[ 3941984ms] [ERROR] ./src/app/(employee)
You cannot have two parallel pages that resolve to the same path. Please check /(dashboard)/annonces and /(employee). @ http://localhost:3000/_next/static/chunks/node_modules_next_dist_b3fb3b5f._.js:1920
[ 3941984ms] [ERROR] ./src/app/(employee)
You cannot have two parallel pages that resolve to the same path. Please check /(dashboard)/fil-actualite and /(employee). @ http://localhost:3000/_next/static/chunks/node_modules_next_dist_b3fb3b5f._.js:1920
[ 3941984ms] [ERROR] ./src/app/(employee)
You cannot have two parallel pages that resolve to the same path. Please check /(dashboard)/annonces and /(employee). @ http://localhost:3000/_next/static/chunks/node_modules_next_dist_b3fb3b5f._.js:1920
[ 3941984ms] [ERROR] ./src/app/(employee)
You cannot have two parallel pages that resolve to the same path. Please check /(dashboard)/fil-actualite and /(employee). @ http://localhost:3000/_next/static/chunks/node_modules_next_dist_b3fb3b5f._.js:1920
[ 3942015ms] [ERROR] ./src/app/(employee)
You cannot have two parallel pages that resolve to the same path. Please check /(dashboard)/annonces and /(employee). @ http://localhost:3000/_next/static/chunks/node_modules_next_dist_b3fb3b5f._.js:1920
[ 3942015ms] [ERROR] ./src/app/(employee)
You cannot have two parallel pages that resolve to the same path. Please check /(dashboard)/fil-actualite and /(employee). @ http://localhost:3000/_next/static/chunks/node_modules_next_dist_b3fb3b5f._.js:1920
[ 3957988ms] [ERROR] ./src/app/(employee)
You cannot have two parallel pages that resolve to the same path. Please check /(dashboard)/annonces and /(employee). @ http://localhost:3000/_next/static/chunks/node_modules_next_dist_b3fb3b5f._.js:1920
[ 3957988ms] [ERROR] ./src/app/(employee)
You cannot have two parallel pages that resolve to the same path. Please check /(dashboard)/fil-actualite and /(employee). @ http://localhost:3000/_next/static/chunks/node_modules_next_dist_b3fb3b5f._.js:1920
[ 3964309ms] [ERROR] ./src/app/(employee)
You cannot have two parallel pages that resolve to the same path. Please check /(dashboard)/annonces and /(employee). @ http://localhost:3000/_next/static/chunks/node_modules_next_dist_b3fb3b5f._.js:1920
[ 3964309ms] [ERROR] ./src/app/(employee)
You cannot have two parallel pages that resolve to the same path. Please check /(dashboard)/fil-actualite and /(employee). @ http://localhost:3000/_next/static/chunks/node_modules_next_dist_b3fb3b5f._.js:1920
[ 3968413ms] [ERROR] ./src/app/(employee)
You cannot have two parallel pages that resolve to the same path. Please check /(dashboard)/annonces and /(employee). @ http://localhost:3000/_next/static/chunks/node_modules_next_dist_b3fb3b5f._.js:1920
[ 3968413ms] [ERROR] ./src/app/(employee)
You cannot have two parallel pages that resolve to the same path. Please check /(dashboard)/fil-actualite and /(employee). @ http://localhost:3000/_next/static/chunks/node_modules_next_dist_b3fb3b5f._.js:1920
[ 3972587ms] [ERROR] ./src/app/(employee)
You cannot have two parallel pages that resolve to the same path. Please check /(dashboard)/annonces and /(employee). @ http://localhost:3000/_next/static/chunks/node_modules_next_dist_b3fb3b5f._.js:1920
[ 3972587ms] [ERROR] ./src/app/(employee)
You cannot have two parallel pages that resolve to the same path. Please check /(dashboard)/fil-actualite and /(employee). @ http://localhost:3000/_next/static/chunks/node_modules_next_dist_b3fb3b5f._.js:1920
[ 3998847ms] [ERROR] ./src/app/(employee)
You cannot have two parallel pages that resolve to the same path. Please check /(dashboard)/annonces and /(employee). @ http://localhost:3000/_next/static/chunks/node_modules_next_dist_b3fb3b5f._.js:1920
[ 3998848ms] [ERROR] ./src/app/(employee)
You cannot have two parallel pages that resolve to the same path. Please check /(dashboard)/fil-actualite and /(employee). @ http://localhost:3000/_next/static/chunks/node_modules_next_dist_b3fb3b5f._.js:1920
[ 4002937ms] [ERROR] ./src/app/(employee)
You cannot have two parallel pages that resolve to the same path. Please check /(dashboard)/annonces and /(employee). @ http://localhost:3000/_next/static/chunks/node_modules_next_dist_b3fb3b5f._.js:1920
[ 4002937ms] [ERROR] ./src/app/(employee)
You cannot have two parallel pages that resolve to the same path. Please check /(dashboard)/fil-actualite and /(employee). @ http://localhost:3000/_next/static/chunks/node_modules_next_dist_b3fb3b5f._.js:1920
[ 4015686ms] [ERROR] ./src/app/(employee)
You cannot have two parallel pages that resolve to the same path. Please check /(dashboard)/annonces and /(employee). @ http://localhost:3000/_next/static/chunks/node_modules_next_dist_b3fb3b5f._.js:1920
[ 4015686ms] [ERROR] ./src/app/(employee)
You cannot have two parallel pages that resolve to the same path. Please check /(dashboard)/fil-actualite and /(employee). @ http://localhost:3000/_next/static/chunks/node_modules_next_dist_b3fb3b5f._.js:1920
[ 4046444ms] [ERROR] ./src/app/(employee)
You cannot have two parallel pages that resolve to the same path. Please check /(dashboard)/annonces and /(employee). @ http://localhost:3000/_next/static/chunks/node_modules_next_dist_b3fb3b5f._.js:1920
[ 4046444ms] [ERROR] ./src/app/(employee)
You cannot have two parallel pages that resolve to the same path. Please check /(dashboard)/fil-actualite and /(employee). @ http://localhost:3000/_next/static/chunks/node_modules_next_dist_b3fb3b5f._.js:1920
[ 4050273ms] [ERROR] ./src/app/(employee)
You cannot have two parallel pages that resolve to the same path. Please check /(dashboard)/annonces and /(employee). @ http://localhost:3000/_next/static/chunks/node_modules_next_dist_b3fb3b5f._.js:1920
[ 4050273ms] [ERROR] ./src/app/(employee)
You cannot have two parallel pages that resolve to the same path. Please check /(dashboard)/fil-actualite and /(employee). @ http://localhost:3000/_next/static/chunks/node_modules_next_dist_b3fb3b5f._.js:1920
[ 4054582ms] [ERROR] ./src/app/(shared)
You cannot have two parallel pages that resolve to the same path. Please check /(employee)/annonces and /(shared). @ http://localhost:3000/_next/static/chunks/node_modules_next_dist_b3fb3b5f._.js:1920
[ 4054582ms] [ERROR] ./src/app/(shared)
You cannot have two parallel pages that resolve to the same path. Please check /(employee)/fil-actualite and /(shared). @ http://localhost:3000/_next/static/chunks/node_modules_next_dist_b3fb3b5f._.js:1920
[ 4055808ms] [ERROR] ./src/app/(shared)
You cannot have two parallel pages that resolve to the same path. Please check /(employee)/annonces and /(shared). @ http://localhost:3000/_next/static/chunks/node_modules_next_dist_b3fb3b5f._.js:1920
[ 4055808ms] [ERROR] ./src/app/(shared)
You cannot have two parallel pages that resolve to the same path. Please check /(employee)/fil-actualite and /(shared). @ http://localhost:3000/_next/static/chunks/node_modules_next_dist_b3fb3b5f._.js:1920
[ 4056418ms] [ERROR] ./src/app/(shared)
You cannot have two parallel pages that resolve to the same path. Please check /(employee)/annonces and /(shared). @ http://localhost:3000/_next/static/chunks/node_modules_next_dist_b3fb3b5f._.js:1920
[ 4056418ms] [ERROR] ./src/app/(shared)
You cannot have two parallel pages that resolve to the same path. Please check /(employee)/fil-actualite and /(shared). @ http://localhost:3000/_next/static/chunks/node_modules_next_dist_b3fb3b5f._.js:1920
[ 4057233ms] [ERROR] Failed to load resource: the server responded with a status of 500 (Internal Server Error) @ http://localhost:3000/mon-planning:0
[ 4057297ms] Error: ./src/app/(shared)
You cannot have two parallel pages that resolve to the same path. Please check /(employee)/annonces and /(shared).

    at Object.getCompilationErrors (file:///Users/omarfartas/time_win/node_modules/next/dist/server/dev/hot-reloader-turbopack.js:997:55)
    at DevBundlerService.getCompilationError (file:///Users/omarfartas/time_win/node_modules/next/dist/server/lib/dev-bundler-service.js:44:55)
    at DevServer.getCompilationError (file:///Users/omarfartas/time_win/node_modules/next/dist/server/dev/next-dev-server.js:706:42)
    at DevServer.findPageComponents (file:///Users/omarfartas/time_win/node_modules/next/dist/server/dev/next-dev-server.js:676:43)
    at async DevServer.renderErrorToResponseImpl (file:///Users/omarfartas/time_win/node_modules/next/dist/server/base-server.js:1733:26)
[ 4057285ms] [ERROR] ./src/app/(shared)
You cannot have two parallel pages that resolve to the same path. Please check /(employee)/annonces and /(shared). @ http://localhost:3000/_next/static/chunks/node_modules_next_dist_b3fb3b5f._.js:1920
[ 4057285ms] [ERROR] ./src/app/(shared)
You cannot have two parallel pages that resolve to the same path. Please check /(employee)/fil-actualite and /(shared). @ http://localhost:3000/_next/static/chunks/node_modules_next_dist_b3fb3b5f._.js:1920
[ 4057285ms] [ERROR] ./src/app/(shared)
You cannot have two parallel pages that resolve to the same path. Please check /(employee)/annonces and /(shared). @ http://localhost:3000/_next/static/chunks/node_modules_next_dist_b3fb3b5f._.js:1920
[ 4057285ms] [ERROR] ./src/app/(shared)
You cannot have two parallel pages that resolve to the same path. Please check /(employee)/fil-actualite and /(shared). @ http://localhost:3000/_next/static/chunks/node_modules_next_dist_b3fb3b5f._.js:1920
[ 4057285ms] [ERROR] ./src/app/(shared)
You cannot have two parallel pages that resolve to the same path. Please check /(employee)/annonces and /(shared). @ http://localhost:3000/_next/static/chunks/node_modules_next_dist_b3fb3b5f._.js:1920
[ 4057285ms] [ERROR] ./src/app/(shared)
You cannot have two parallel pages that resolve to the same path. Please check /(employee)/fil-actualite and /(shared). @ http://localhost:3000/_next/static/chunks/node_modules_next_dist_b3fb3b5f._.js:1920
[ 4057285ms] [ERROR] ./src/app/(shared)
You cannot have two parallel pages that resolve to the same path. Please check /(employee)/annonces and /(shared). @ http://localhost:3000/_next/static/chunks/node_modules_next_dist_b3fb3b5f._.js:1920
[ 4057285ms] [ERROR] ./src/app/(shared)
You cannot have two parallel pages that resolve to the same path. Please check /(employee)/fil-actualite and /(shared). @ http://localhost:3000/_next/static/chunks/node_modules_next_dist_b3fb3b5f._.js:1920
[ 4057285ms] [ERROR] ./src/app/(shared)
You cannot have two parallel pages that resolve to the same path. Please check /(employee)/annonces and /(shared). @ http://localhost:3000/_next/static/chunks/node_modules_next_dist_b3fb3b5f._.js:1920
[ 4057285ms] [ERROR] ./src/app/(shared)
You cannot have two parallel pages that resolve to the same path. Please check /(employee)/fil-actualite and /(shared). @ http://localhost:3000/_next/static/chunks/node_modules_next_dist_b3fb3b5f._.js:1920
[ 4057285ms] [ERROR] ./src/app/(shared)
You cannot have two parallel pages that resolve to the same path. Please check /(employee)/annonces and /(shared). @ http://localhost:3000/_next/static/chunks/node_modules_next_dist_b3fb3b5f._.js:1920
[ 4057285ms] [ERROR] ./src/app/(shared)
You cannot have two parallel pages that resolve to the same path. Please check /(employee)/fil-actualite and /(shared). @ http://localhost:3000/_next/static/chunks/node_modules_next_dist_b3fb3b5f._.js:1920
[ 4057318ms] [ERROR] ./src/app/(shared)
You cannot have two parallel pages that resolve to the same path. Please check /(employee)/annonces and /(shared). @ http://localhost:3000/_next/static/chunks/node_modules_next_dist_b3fb3b5f._.js:1920
[ 4057318ms] [ERROR] ./src/app/(shared)
You cannot have two parallel pages that resolve to the same path. Please check /(employee)/fil-actualite and /(shared). @ http://localhost:3000/_next/static/chunks/node_modules_next_dist_b3fb3b5f._.js:1920
[ 4187114ms] [ERROR] Failed to load resource: the server responded with a status of 500 (Internal Server Error) @ http://localhost:3000/mon-planning?_rsc=1hk1a:0
[ 4187278ms] [ERROR] Failed to load resource: the server responded with a status of 500 (Internal Server Error) @ http://localhost:3000/mon-planning:0
