[   13474ms] [ERROR] In HTML, %s cannot be a descendant of <%s>.
This will cause a hydration error.%s <button> button 

  ...
    <InnerScrollAndFocusHandler segmentPath={[...]} focusAndScrollRef={{apply:false, ...}}>
      <ErrorBoundary errorComponent={undefined} errorStyles={undefined} errorScripts={undefined}>
        <LoadingBoundary name="planning/" loading={null}>
          <HTTPAccessFallbackBoundary notFound={undefined} forbidden={undefined} unauthorized={undefined}>
            <RedirectBoundary>
              <RedirectErrorBoundary router={{...}}>
                <InnerLayoutRouter url="/planning" tree={[...]} params={{}} cacheNode={{rsc:<Fragment>, ...}} ...>
                  <SegmentViewNode type="page" pagePath="(dashboard...">
                    <SegmentTrieNode>
                    <ClientPageRoot Component={function PlanningPage} serverProvidedParams={{...}}>
                      <PlanningPage params={Promise} searchParams={Promise}>
                        <div>
                          <div>
                          <div>
                          <PlanningHealth weekStart="2026-03-09" storeId={undefined} shiftsVersion={2}>
                            <div className="bg-white b...">
>                             <button
>                               className="w-full flex items-center gap-3 px-4 py-2.5 hover:bg-gray-50 transition-colors"
>                               onClick={function onClick}
>                             >
                                <div>
                                <div>
>                               <button
>                                 onClick={function onClick}
>                                 className="text-gray-400 hover:text-gray-600 p-1 shrink-0"
>                                 title="Rafraîchir"
>                               >
                                ...
                          ...
                  ...
                ...
      ...
 @ http://localhost:3000/_next/static/chunks/node_modules_next_dist_f3530cac._.js:3127
[  312880ms] ReferenceError: Cannot access 'isMultiStore' before initialization
    at PlanningPage (http://localhost:3000/_next/static/chunks/src_82d0d108._.js?id=%255Bproject%255D%252Fsrc%252Fapp%252F%2528dashboard%2529%252Fplanning%252Fpage.tsx+%255Bapp-client%255D+%2528ecmascript%2529:153:9)
    at Object.react_stack_bottom_frame (http://localhost:3000/_next/static/chunks/node_modules_next_dist_compiled_react-dom_1e674e59._.js:14826:24)
    at renderWithHooks (http://localhost:3000/_next/static/chunks/node_modules_next_dist_compiled_react-dom_1e674e59._.js:4651:24)
    at updateFunctionComponent (http://localhost:3000/_next/static/chunks/node_modules_next_dist_compiled_react-dom_1e674e59._.js:6112:21)
    at beginWork (http://localhost:3000/_next/static/chunks/node_modules_next_dist_compiled_react-dom_1e674e59._.js:6708:24)
    at runWithFiberInDEV (http://localhost:3000/_next/static/chunks/node_modules_next_dist_compiled_react-dom_1e674e59._.js:965:74)
    at performUnitOfWork (http://localhost:3000/_next/static/chunks/node_modules_next_dist_compiled_react-dom_1e674e59._.js:9562:97)
    at workLoopSync (http://localhost:3000/_next/static/chunks/node_modules_next_dist_compiled_react-dom_1e674e59._.js:9456:40)
    at renderRootSync (http://localhost:3000/_next/static/chunks/node_modules_next_dist_compiled_react-dom_1e674e59._.js:9440:13)
    at performWorkOnRoot (http://localhost:3000/_next/static/chunks/node_modules_next_dist_compiled_react-dom_1e674e59._.js:9105:47)
    at performSyncWorkOnRoot (http://localhost:3000/_next/static/chunks/node_modules_next_dist_compiled_react-dom_1e674e59._.js:10238:9)
    at flushSyncWorkAcrossRoots_impl (http://localhost:3000/_next/static/chunks/node_modules_next_dist_compiled_react-dom_1e674e59._.js:10154:316)
    at flushSyncWork$1 (http://localhost:3000/_next/static/chunks/node_modules_next_dist_compiled_react-dom_1e674e59._.js:9237:86)
    at Object.scheduleRefresh (http://localhost:3000/_next/static/chunks/node_modules_next_dist_compiled_react-dom_1e674e59._.js:299:13)
    at http://localhost:3000/_next/static/chunks/node_modules_next_dist_compiled_a0e4c7b4._.js:391:33
    at Set.forEach (<anonymous>)
    at Object.performReactRefresh (http://localhost:3000/_next/static/chunks/node_modules_next_dist_compiled_a0e4c7b4._.js:384:38)
    at applyUpdate (http://localhost:3000/_next/static/chunks/node_modules_next_dist_compiled_a0e4c7b4._.js:878:31)
    at http://localhost:3000/_next/static/chunks/node_modules_next_dist_compiled_a0e4c7b4._.js:886:13
[  325498ms] [WARNING] [Fast Refresh] performing full reload because your application had an unrecoverable error @ http://localhost:3000/_next/static/chunks/node_modules_next_dist_f3530cac._.js:2297
[  325561ms] ReferenceError: Cannot access 'isMultiStore' before initialization
    at PlanningPage (http://localhost:3000/_next/static/chunks/src_82d0d108._.js?id=%255Bproject%255D%252Fsrc%252Fapp%252F%2528dashboard%2529%252Fplanning%252Fpage.tsx+%255Bapp-client%255D+%2528ecmascript%2529:153:9)
    at Object.react_stack_bottom_frame (http://localhost:3000/_next/static/chunks/node_modules_next_dist_compiled_react-dom_1e674e59._.js:14826:24)
    at renderWithHooks (http://localhost:3000/_next/static/chunks/node_modules_next_dist_compiled_react-dom_1e674e59._.js:4651:24)
    at updateFunctionComponent (http://localhost:3000/_next/static/chunks/node_modules_next_dist_compiled_react-dom_1e674e59._.js:6112:21)
    at beginWork (http://localhost:3000/_next/static/chunks/node_modules_next_dist_compiled_react-dom_1e674e59._.js:6708:24)
    at runWithFiberInDEV (http://localhost:3000/_next/static/chunks/node_modules_next_dist_compiled_react-dom_1e674e59._.js:965:74)
    at performUnitOfWork (http://localhost:3000/_next/static/chunks/node_modules_next_dist_compiled_react-dom_1e674e59._.js:9562:97)
    at workLoopSync (http://localhost:3000/_next/static/chunks/node_modules_next_dist_compiled_react-dom_1e674e59._.js:9456:40)
    at renderRootSync (http://localhost:3000/_next/static/chunks/node_modules_next_dist_compiled_react-dom_1e674e59._.js:9440:13)
    at performWorkOnRoot (http://localhost:3000/_next/static/chunks/node_modules_next_dist_compiled_react-dom_1e674e59._.js:9105:47)
    at performSyncWorkOnRoot (http://localhost:3000/_next/static/chunks/node_modules_next_dist_compiled_react-dom_1e674e59._.js:10238:9)
    at flushSyncWorkAcrossRoots_impl (http://localhost:3000/_next/static/chunks/node_modules_next_dist_compiled_react-dom_1e674e59._.js:10154:316)
    at flushSyncWork$1 (http://localhost:3000/_next/static/chunks/node_modules_next_dist_compiled_react-dom_1e674e59._.js:9237:86)
    at Object.scheduleRefresh (http://localhost:3000/_next/static/chunks/node_modules_next_dist_compiled_react-dom_1e674e59._.js:299:13)
    at http://localhost:3000/_next/static/chunks/node_modules_next_dist_compiled_a0e4c7b4._.js:391:33
    at Set.forEach (<anonymous>)
    at Object.performReactRefresh (http://localhost:3000/_next/static/chunks/node_modules_next_dist_compiled_a0e4c7b4._.js:384:38)
    at applyUpdate (http://localhost:3000/_next/static/chunks/node_modules_next_dist_compiled_a0e4c7b4._.js:878:31)
    at http://localhost:3000/_next/static/chunks/node_modules_next_dist_compiled_a0e4c7b4._.js:886:13
[  325872ms] [ERROR] Failed to load resource: the server responded with a status of 500 (Internal Server Error) @ http://localhost:3000/planning:0
[  326048ms] ReferenceError: Cannot access 'isMultiStore' before initialization
    at PlanningPage (http://localhost:3000/_next/static/chunks/src_82d0d108._.js:6931:9)
    at Object.react_stack_bottom_frame (http://localhost:3000/_next/static/chunks/node_modules_next_dist_compiled_react-dom_1e674e59._.js:14826:24)
    at renderWithHooks (http://localhost:3000/_next/static/chunks/node_modules_next_dist_compiled_react-dom_1e674e59._.js:4651:24)
    at updateFunctionComponent (http://localhost:3000/_next/static/chunks/node_modules_next_dist_compiled_react-dom_1e674e59._.js:6112:21)
    at beginWork (http://localhost:3000/_next/static/chunks/node_modules_next_dist_compiled_react-dom_1e674e59._.js:6708:24)
    at runWithFiberInDEV (http://localhost:3000/_next/static/chunks/node_modules_next_dist_compiled_react-dom_1e674e59._.js:965:74)
    at performUnitOfWork (http://localhost:3000/_next/static/chunks/node_modules_next_dist_compiled_react-dom_1e674e59._.js:9562:97)
    at workLoopSync (http://localhost:3000/_next/static/chunks/node_modules_next_dist_compiled_react-dom_1e674e59._.js:9456:40)
    at renderRootSync (http://localhost:3000/_next/static/chunks/node_modules_next_dist_compiled_react-dom_1e674e59._.js:9440:13)
    at performWorkOnRoot (http://localhost:3000/_next/static/chunks/node_modules_next_dist_compiled_react-dom_1e674e59._.js:9105:47)
    at performWorkOnRootViaSchedulerTask (http://localhost:3000/_next/static/chunks/node_modules_next_dist_compiled_react-dom_1e674e59._.js:10230:9)
    at MessagePort.performWorkUntilDeadline (http://localhost:3000/_next/static/chunks/node_modules_next_dist_compiled_a0e4c7b4._.js:2647:64)
[  329056ms] [WARNING] The resource http://localhost:3000/_next/static/chunks/%5Broot-of-the-server%5D__38e6a56b._.css was preloaded using link preload but not used within a few seconds from the window's load event. Please make sure it has an appropriate `as` value and it is preloaded intentionally. @ http://localhost:3000/planning:0
[  329056ms] [WARNING] The resource http://localhost:3000/_next/static/media/caa3a2e1cccd8315-s.p.853070df.woff2 was preloaded using link preload but not used within a few seconds from the window's load event. Please make sure it has an appropriate `as` value and it is preloaded intentionally. @ http://localhost:3000/planning:0
[  349705ms] [WARNING] [Fast Refresh] performing full reload because your application had an unrecoverable error @ http://localhost:3000/_next/static/chunks/node_modules_next_dist_f3530cac._.js:2297
[  350367ms] [ERROR] In HTML, %s cannot be a descendant of <%s>.
This will cause a hydration error.%s <button> button 

  ...
    <InnerScrollAndFocusHandler segmentPath={[...]} focusAndScrollRef={{apply:false, ...}}>
      <ErrorBoundary errorComponent={undefined} errorStyles={undefined} errorScripts={undefined}>
        <LoadingBoundary name="planning/" loading={null}>
          <HTTPAccessFallbackBoundary notFound={undefined} forbidden={undefined} unauthorized={undefined}>
            <RedirectBoundary>
              <RedirectErrorBoundary router={{...}}>
                <InnerLayoutRouter url="/planning" tree={[...]} params={{}} cacheNode={{rsc:<Fragment>, ...}} ...>
                  <SegmentViewNode type="page" pagePath="(dashboard...">
                    <SegmentTrieNode>
                    <ClientPageRoot Component={function PlanningPage} serverProvidedParams={{...}}>
                      <PlanningPage params={Promise} searchParams={Promise}>
                        <div>
                          <div>
                          <div>
                          <PlanningHealth weekStart="2026-03-09" storeId={undefined} shiftsVersion={1}>
                            <div className="bg-white b...">
>                             <button
>                               className="w-full flex items-center gap-3 px-4 py-2.5 hover:bg-gray-50 transition-colors"
>                               onClick={function onClick}
>                             >
                                <div>
                                <div>
>                               <button
>                                 onClick={function onClick}
>                                 className="text-gray-400 hover:text-gray-600 p-1 shrink-0"
>                                 title="Rafraîchir"
>                               >
                                ...
                          ...
                  ...
                ...
      ...
 @ http://localhost:3000/_next/static/chunks/node_modules_next_dist_f3530cac._.js:3127
[  380090ms] [ERROR] WebSocket connection to 'ws://localhost:3000/_next/webpack-hmr?id=I-6PVlyl-7dV5xQ6tNs7T' failed: Error in connection establishment: net::ERR_CONNECTION_REFUSED @ http://localhost:3000/_next/static/chunks/node_modules_next_dist_client_17643121._.js:10878
[  381092ms] [ERROR] WebSocket connection to 'ws://localhost:3000/_next/webpack-hmr?id=I-6PVlyl-7dV5xQ6tNs7T' failed: Error in connection establishment: net::ERR_CONNECTION_REFUSED @ http://localhost:3000/_next/static/chunks/node_modules_next_dist_client_17643121._.js:10878
[  383345ms] [ERROR] In HTML, %s cannot be a descendant of <%s>.
This will cause a hydration error.%s <button> button 

  ...
    <InnerScrollAndFocusHandler segmentPath={[...]} focusAndScrollRef={{apply:false, ...}}>
      <ErrorBoundary errorComponent={undefined} errorStyles={undefined} errorScripts={undefined}>
        <LoadingBoundary name="planning/" loading={null}>
          <HTTPAccessFallbackBoundary notFound={undefined} forbidden={undefined} unauthorized={undefined}>
            <RedirectBoundary>
              <RedirectErrorBoundary router={{...}}>
                <InnerLayoutRouter url="/planning" tree={[...]} params={{}} cacheNode={{rsc:<Fragment>, ...}} ...>
                  <SegmentViewNode type="page" pagePath="(dashboard...">
                    <SegmentTrieNode>
                    <ClientPageRoot Component={function PlanningPage} serverProvidedParams={{...}}>
                      <PlanningPage params={Promise} searchParams={Promise}>
                        <div>
                          <div>
                          <div>
                          <PlanningHealth weekStart="2026-03-09" storeId={undefined} shiftsVersion={1}>
                            <div className="bg-white b...">
>                             <button
>                               className="w-full flex items-center gap-3 px-4 py-2.5 hover:bg-gray-50 transition-colors"
>                               onClick={function onClick}
>                             >
                                <div>
                                <div>
>                               <button
>                                 onClick={function onClick}
>                                 className="text-gray-400 hover:text-gray-600 p-1 shrink-0"
>                                 title="Rafraîchir"
>                               >
                                ...
                          ...
                  ...
                ...
      ...
 @ http://localhost:3000/_next/static/chunks/node_modules_next_dist_f3530cac._.js:3127
[ 1148476ms] [ERROR] WebSocket connection to 'ws://localhost:3000/_next/webpack-hmr?id=Xy8mSGDvZTp_ww5JMxpAC' failed: Error in connection establishment: net::ERR_CONNECTION_REFUSED @ http://localhost:3000/_next/static/chunks/node_modules_next_dist_client_17643121._.js:10878
[ 1149480ms] [ERROR] WebSocket connection to 'ws://localhost:3000/_next/webpack-hmr?id=Xy8mSGDvZTp_ww5JMxpAC' failed: Error in connection establishment: net::ERR_CONNECTION_REFUSED @ http://localhost:3000/_next/static/chunks/node_modules_next_dist_client_17643121._.js:10878
[ 1152034ms] [ERROR] In HTML, %s cannot be a descendant of <%s>.
This will cause a hydration error.%s <button> button 

  ...
    <InnerScrollAndFocusHandler segmentPath={[...]} focusAndScrollRef={{apply:false, ...}}>
      <ErrorBoundary errorComponent={undefined} errorStyles={undefined} errorScripts={undefined}>
        <LoadingBoundary name="planning/" loading={null}>
          <HTTPAccessFallbackBoundary notFound={undefined} forbidden={undefined} unauthorized={undefined}>
            <RedirectBoundary>
              <RedirectErrorBoundary router={{...}}>
                <InnerLayoutRouter url="/planning" tree={[...]} params={{}} cacheNode={{rsc:<Fragment>, ...}} ...>
                  <SegmentViewNode type="page" pagePath="(dashboard...">
                    <SegmentTrieNode>
                    <ClientPageRoot Component={function PlanningPage} serverProvidedParams={{...}}>
                      <PlanningPage params={Promise} searchParams={Promise}>
                        <div>
                          <div>
                          <div>
                          <PlanningHealth weekStart="2026-03-09" storeId={undefined} shiftsVersion={1}>
                            <div className="bg-white b...">
>                             <button
>                               className="w-full flex items-center gap-3 px-4 py-2.5 hover:bg-gray-50 transition-colors"
>                               onClick={function onClick}
>                             >
                                <div>
                                <div>
>                               <button
>                                 onClick={function onClick}
>                                 className="text-gray-400 hover:text-gray-600 p-1 shrink-0"
>                                 title="Rafraîchir"
>                               >
                                ...
                          ...
                  ...
                ...
      ...
 @ http://localhost:3000/_next/static/chunks/node_modules_next_dist_f3530cac._.js:3127
