[     155ms] [ERROR] Executing inline script violates the following Content Security Policy directive 'script-src 'self''. Either the 'unsafe-inline' keyword, a hash ('sha256-2RmtQ+CR0+oozrQxSaFFodovs2aoi9sa4wH3VsNPur8='), or a nonce ('nonce-...') is required to enable inline execution. The action has been blocked. @ http://localhost:3000/admin-login:0
[     157ms] [ERROR] Executing inline script violates the following Content Security Policy directive 'script-src 'self''. Either the 'unsafe-inline' keyword, a hash ('sha256-OBTN3RiyCV4Bq7dFqZ5a2pAXjnCcCYeTJMO2I/LYKeo='), or a nonce ('nonce-...') is required to enable inline execution. The action has been blocked. @ http://localhost:3000/admin-login:0
[     157ms] [ERROR] Executing inline script violates the following Content Security Policy directive 'script-src 'self''. Either the 'unsafe-inline' keyword, a hash ('sha256-Mvr3HcGw4Caw+18m2KPlsd2kq6EjtPwOiqBaXpjAuTM='), or a nonce ('nonce-...') is required to enable inline execution. The action has been blocked. @ http://localhost:3000/admin-login:0
[     157ms] [ERROR] Executing inline script violates the following Content Security Policy directive 'script-src 'self''. Either the 'unsafe-inline' keyword, a hash ('sha256-/sWAq+cGe5Gu6SOeAwRS0SGxl3//VWBuMnsaSeeKNe8='), or a nonce ('nonce-...') is required to enable inline execution. The action has been blocked. @ http://localhost:3000/admin-login:0
[     157ms] [ERROR] Executing inline script violates the following Content Security Policy directive 'script-src 'self''. Either the 'unsafe-inline' keyword, a hash ('sha256-YiBHUgyQI94k0LTz1Jk3s8M25bKHPUGlWGxJAz8g33w='), or a nonce ('nonce-...') is required to enable inline execution. The action has been blocked. @ http://localhost:3000/admin-login:0
[     157ms] [ERROR] Executing inline script violates the following Content Security Policy directive 'script-src 'self''. Either the 'unsafe-inline' keyword, a hash ('sha256-BXXTNZYLwufB4UsANLBEGGC4DLtuCS4X+up90U1bPV4='), or a nonce ('nonce-...') is required to enable inline execution. The action has been blocked. @ http://localhost:3000/admin-login:0
[     157ms] [ERROR] Executing inline script violates the following Content Security Policy directive 'script-src 'self''. Either the 'unsafe-inline' keyword, a hash ('sha256-5jX3MHerRoM3dE3fywSndfzFOMenUX4345VKzJhc8Zc='), or a nonce ('nonce-...') is required to enable inline execution. The action has been blocked. @ http://localhost:3000/admin-login:0
[     157ms] [ERROR] Executing inline script violates the following Content Security Policy directive 'script-src 'self''. Either the 'unsafe-inline' keyword, a hash ('sha256-AdFkqoQKrSN84h3snyI/ya/MmL7wi2ZdAPgai2xcinU='), or a nonce ('nonce-...') is required to enable inline execution. The action has been blocked. @ http://localhost:3000/admin-login:0
[     157ms] [ERROR] Executing inline script violates the following Content Security Policy directive 'script-src 'self''. Either the 'unsafe-inline' keyword, a hash ('sha256-wiVlVov37Kstd9QKWucV2jeeUngNjpP4DpF2YGUgnsw='), or a nonce ('nonce-...') is required to enable inline execution. The action has been blocked. @ http://localhost:3000/admin-login:0
[     309ms] InvariantError: Invariant: Expected a request ID to be defined for the document via self.__next_r. This is a bug in Next.js.
    at createWebSocket (http://localhost:3000/_next/static/chunks/node_modules_next_dist_client_17643121._.js:10861:37)
    at hydrate (http://localhost:3000/_next/static/chunks/node_modules_next_dist_client_17643121._.js:12626:21)
    at http://localhost:3000/_next/static/chunks/node_modules_next_dist_client_17643121._.js:12705:9
    at http://localhost:3000/_next/static/chunks/node_modules_next_dist_client_17643121._.js:177:9
    at loadScriptsInSequence (http://localhost:3000/_next/static/chunks/node_modules_next_dist_client_17643121._.js:141:16)
    at appBootstrap (http://localhost:3000/_next/static/chunks/node_modules_next_dist_client_17643121._.js:170:5)
    at module evaluation (http://localhost:3000/_next/static/chunks/node_modules_next_dist_client_17643121._.js:12702:32)
    at http://localhost:3000/_next/static/chunks/turbopack-_23a915ee._.js:879:13
    at runModuleExecutionHooks (http://localhost:3000/_next/static/chunks/turbopack-_23a915ee._.js:904:13)
    at instantiateModule (http://localhost:3000/_next/static/chunks/turbopack-_23a915ee._.js:877:9)
    at getOrInstantiateRuntimeModule (http://localhost:3000/_next/static/chunks/turbopack-_23a915ee._.js:808:12)
    at Object.registerChunk (http://localhost:3000/_next/static/chunks/turbopack-_23a915ee._.js:1626:21)
[   14210ms] [ERROR] Executing inline script violates the following Content Security Policy directive 'script-src 'self''. Either the 'unsafe-inline' keyword, a hash ('sha256-KCS2/RExJywaHf3tVl5qFJXyiGaSnpVVpMeHMmQ8fGQ='), or a nonce ('nonce-...') is required to enable inline execution. The action has been blocked. @ http://localhost:3000/admin-login?admin_email=omar%40candyshop.com&admin_password=Admin2026%21:0
[   14210ms] [ERROR] Executing inline script violates the following Content Security Policy directive 'script-src 'self''. Either the 'unsafe-inline' keyword, a hash ('sha256-OBTN3RiyCV4Bq7dFqZ5a2pAXjnCcCYeTJMO2I/LYKeo='), or a nonce ('nonce-...') is required to enable inline execution. The action has been blocked. @ http://localhost:3000/admin-login?admin_email=omar%40candyshop.com&admin_password=Admin2026%21:0
[   14210ms] [ERROR] Executing inline script violates the following Content Security Policy directive 'script-src 'self''. Either the 'unsafe-inline' keyword, a hash ('sha256-haj8aLsptS7tmqEFa30Wp7FmzOt6lwaADCZzVrckG68='), or a nonce ('nonce-...') is required to enable inline execution. The action has been blocked. @ http://localhost:3000/admin-login?admin_email=omar%40candyshop.com&admin_password=Admin2026%21:0
[   14210ms] [ERROR] Executing inline script violates the following Content Security Policy directive 'script-src 'self''. Either the 'unsafe-inline' keyword, a hash ('sha256-/sWAq+cGe5Gu6SOeAwRS0SGxl3//VWBuMnsaSeeKNe8='), or a nonce ('nonce-...') is required to enable inline execution. The action has been blocked. @ http://localhost:3000/admin-login?admin_email=omar%40candyshop.com&admin_password=Admin2026%21:0
[   14210ms] [ERROR] Executing inline script violates the following Content Security Policy directive 'script-src 'self''. Either the 'unsafe-inline' keyword, a hash ('sha256-YiBHUgyQI94k0LTz1Jk3s8M25bKHPUGlWGxJAz8g33w='), or a nonce ('nonce-...') is required to enable inline execution. The action has been blocked. @ http://localhost:3000/admin-login?admin_email=omar%40candyshop.com&admin_password=Admin2026%21:0
[   14210ms] [ERROR] Executing inline script violates the following Content Security Policy directive 'script-src 'self''. Either the 'unsafe-inline' keyword, a hash ('sha256-Y3R+IkiYPxSIO0wqUrbvj1WDF+OTR/4Dk0CAgsJ9jrc='), or a nonce ('nonce-...') is required to enable inline execution. The action has been blocked. @ http://localhost:3000/admin-login?admin_email=omar%40candyshop.com&admin_password=Admin2026%21:0
[   14212ms] [ERROR] Executing inline script violates the following Content Security Policy directive 'script-src 'self''. Either the 'unsafe-inline' keyword, a hash ('sha256-O8bADVRqZ6RY8BqbgRchQvCjmBDO8yvFw6jlPrQwAa8='), or a nonce ('nonce-...') is required to enable inline execution. The action has been blocked. @ http://localhost:3000/admin-login?admin_email=omar%40candyshop.com&admin_password=Admin2026%21:0
[   14215ms] [ERROR] Executing inline script violates the following Content Security Policy directive 'script-src 'self''. Either the 'unsafe-inline' keyword, a hash ('sha256-4hnMe48vx2jtKWvM9AoUETpv9OtTAOU7jemNI/kfu+A='), or a nonce ('nonce-...') is required to enable inline execution. The action has been blocked. @ http://localhost:3000/admin-login?admin_email=omar%40candyshop.com&admin_password=Admin2026%21:0
[   14217ms] [ERROR] Executing inline script violates the following Content Security Policy directive 'script-src 'self''. Either the 'unsafe-inline' keyword, a hash ('sha256-pKgNk2cDELgW0H8kHka0yyeO4Zxm0VWRBYByEF4ePq0='), or a nonce ('nonce-...') is required to enable inline execution. The action has been blocked. @ http://localhost:3000/admin-login?admin_email=omar%40candyshop.com&admin_password=Admin2026%21:0
[   14270ms] InvariantError: Invariant: Expected a request ID to be defined for the document via self.__next_r. This is a bug in Next.js.
    at createWebSocket (http://localhost:3000/_next/static/chunks/node_modules_next_dist_client_17643121._.js:10861:37)
    at hydrate (http://localhost:3000/_next/static/chunks/node_modules_next_dist_client_17643121._.js:12626:21)
    at http://localhost:3000/_next/static/chunks/node_modules_next_dist_client_17643121._.js:12705:9
    at http://localhost:3000/_next/static/chunks/node_modules_next_dist_client_17643121._.js:177:9
    at loadScriptsInSequence (http://localhost:3000/_next/static/chunks/node_modules_next_dist_client_17643121._.js:141:16)
    at appBootstrap (http://localhost:3000/_next/static/chunks/node_modules_next_dist_client_17643121._.js:170:5)
    at module evaluation (http://localhost:3000/_next/static/chunks/node_modules_next_dist_client_17643121._.js:12702:32)
    at http://localhost:3000/_next/static/chunks/turbopack-_23a915ee._.js:879:13
    at runModuleExecutionHooks (http://localhost:3000/_next/static/chunks/turbopack-_23a915ee._.js:904:13)
    at instantiateModule (http://localhost:3000/_next/static/chunks/turbopack-_23a915ee._.js:877:9)
    at getOrInstantiateRuntimeModule (http://localhost:3000/_next/static/chunks/turbopack-_23a915ee._.js:808:12)
    at Object.registerChunk (http://localhost:3000/_next/static/chunks/turbopack-_23a915ee._.js:1626:21)
