[     625ms] [WARNING] iso_swr: SSR fetch failed for "/api/v2/teams/movo24s-projects" {error: iso_swr_fetch_error, message: The request is missing an authentication token} @ https://vercel.com/movo24s-projects/timewin24:242
[     631ms] [WARNING] iso_swr: SSR fetch failed for "/api/v6/deployments?limit=10&projectId=timewin24&rollbackCandidate=true&teamId=movo24s-projects" {error: iso_swr_fetch_error, message: The request is missing an authentication token} @ https://vercel.com/movo24s-projects/timewin24:264
[     767ms] [WARNING] iso_swr: SSR fetch failed for "/api/v9/projects/timewin24?activeBranches=1&latestDeployments=1&rollbackInfo=true&teamId=movo24s-projects" {error: iso_swr_fetch_error, message: The request is missing an authentication token} @ https://vercel.com/movo24s-projects/timewin24:318
[     767ms] [WARNING] iso_swr: SSR fetch failed for "/dashboard/projects/timewin24/production-checklist?teamId=movo24s-projects" {error: iso_swr_fetch_error, message: The request is missing an authentication token} @ https://vercel.com/movo24s-projects/timewin24:318
[     767ms] [WARNING] iso_swr: SSR fetch failed for "/api/v6/deployments?limit=10&projectId=timewin24&state=INITIALIZING%2CREADY%2CERROR%2CBUILDING%2CQUEUED&target=preview&teamId=movo24s-projects" {error: iso_swr_fetch_error, message: The request is missing an authentication token} @ https://vercel.com/movo24s-projects/timewin24:340
[     934ms] [WARNING] iso_swr[warn] [client] fallback error for key: "/api/v2/teams/movo24s-projects" {error: iso_swr_fetch_error, message: The request is missing an authentication token} @ https://vercel.com/_next/static/chunks/38d8f4f4cfaf5c23.js?dpl=dpl_FvWcaHPkTtLyDPmTgFiMzHnQx6x6:2
[    1183ms] [WARNING] iso_swr[warn] [client] fallback error for key: "/api/v6/deployments?limit=10&projectId=timewin24&rollbackCandidate=true&teamId=movo24s-projects" {error: iso_swr_fetch_error, message: The request is missing an authentication token} @ https://vercel.com/_next/static/chunks/38d8f4f4cfaf5c23.js?dpl=dpl_FvWcaHPkTtLyDPmTgFiMzHnQx6x6:2
[    1187ms] [WARNING] iso_swr[warn] [client] fallback error for key: "/api/v9/projects/timewin24?activeBranches=1&latestDeployments=1&rollbackInfo=true&teamId=movo24s-projects" {error: iso_swr_fetch_error, message: The request is missing an authentication token} @ https://vercel.com/_next/static/chunks/38d8f4f4cfaf5c23.js?dpl=dpl_FvWcaHPkTtLyDPmTgFiMzHnQx6x6:2
[    1187ms] [WARNING] iso_swr[warn] [client] fallback error for key: "/dashboard/projects/timewin24/production-checklist?teamId=movo24s-projects" {error: iso_swr_fetch_error, message: The request is missing an authentication token} @ https://vercel.com/_next/static/chunks/38d8f4f4cfaf5c23.js?dpl=dpl_FvWcaHPkTtLyDPmTgFiMzHnQx6x6:2
[    1190ms] [WARNING] iso_swr[warn] [client] fallback error for key: "/api/v6/deployments?limit=10&projectId=timewin24&state=INITIALIZING%2CREADY%2CERROR%2CBUILDING%2CQUEUED&target=preview&teamId=movo24s-projects" {error: iso_swr_fetch_error, message: The request is missing an authentication token} @ https://vercel.com/_next/static/chunks/38d8f4f4cfaf5c23.js?dpl=dpl_FvWcaHPkTtLyDPmTgFiMzHnQx6x6:2
[    1364ms] [ERROR] Failed to load resource: the server responded with a status of 403 () @ https://vercel.com/api/v1/dashboard/projects/timewin24?teamId=movo24s-projects:0
[    1364ms] [ERROR] Failed to load resource: the server responded with a status of 403 () @ https://vercel.com/api/v2/teams/movo24s-projects:0
[    1364ms] [ERROR] Failed to load resource: the server responded with a status of 403 () @ https://vercel.com/api/jwt:0
[    1364ms] [ERROR] Failed to load resource: the server responded with a status of 403 () @ https://vercel.com/api/v1/notifications/push:0
[    1365ms] [ERROR] Failed to load resource: the server responded with a status of 403 () @ https://vercel.com/api/user/permissions?projectIdOrName=timewin24&slug=movo24s-projects:0
[    1365ms] [ERROR] Failed to load resource: the server responded with a status of 403 () @ https://vercel.com/api/dashboard/projects/timewin24/recommendations?teamId=movo24s-projects:0
[    1448ms] [ERROR] Failed to load resource: the server responded with a status of 403 () @ https://vercel.com/api/dashboard/projects/timewin24/activity?teamId=movo24s-projects:0
[    1465ms] [ERROR] The script resource is behind a redirect, which is disallowed. @ :0
[    1469ms] [ERROR] CustomFetchError: The request is missing an authentication token
    at f (https://vercel.com/_next/static/chunks/210f6fcb87b7554b.js?dpl=dpl_FvWcaHPkTtLyDPmTgFiMzHnQx6x6:2:37896) @ https://vercel.com/_next/static/chunks/c41b70c6c3c3768c.js?dpl=dpl_FvWcaHPkTtLyDPmTgFiMzHnQx6x6:102
[    1505ms] [ERROR] TypeError: A network error has occurred. Please check your connection and try again.
    at _ (https://vercel.com/_next/static/chunks/e6254172591928bd.js?dpl=dpl_FvWcaHPkTtLyDPmTgFiMzHnQx6x6:2:23010)
    at async https://vercel.com/_next/static/chunks/325c38c7e99cee7a.js?dpl=dpl_FvWcaHPkTtLyDPmTgFiMzHnQx6x6:2:5256
    at async https://vercel.com/_next/static/chunks/878e2ecd4c09a237.js?dpl=dpl_FvWcaHPkTtLyDPmTgFiMzHnQx6x6:2:14914 @ https://vercel.com/_next/static/chunks/325c38c7e99cee7a.js?dpl=dpl_FvWcaHPkTtLyDPmTgFiMzHnQx6x6:1
[    1506ms] [ERROR] TypeError: A network error has occurred. Please check your connection and try again.
    at _ (https://vercel.com/_next/static/chunks/e6254172591928bd.js?dpl=dpl_FvWcaHPkTtLyDPmTgFiMzHnQx6x6:2:23010)
    at async https://vercel.com/_next/static/chunks/325c38c7e99cee7a.js?dpl=dpl_FvWcaHPkTtLyDPmTgFiMzHnQx6x6:2:5256
    at async https://vercel.com/_next/static/chunks/878e2ecd4c09a237.js?dpl=dpl_FvWcaHPkTtLyDPmTgFiMzHnQx6x6:2:14914 @ https://vercel.com/_next/static/chunks/325c38c7e99cee7a.js?dpl=dpl_FvWcaHPkTtLyDPmTgFiMzHnQx6x6:1
[    2076ms] [WARNING] [GSI_LOGGER]: Your client application uses one of the Google One Tap prompt UI status methods that may stop functioning when FedCM becomes mandatory. Refer to the migration guide to update your code accordingly and opt-in to FedCM to test your changes. Learn more: https://developers.google.com/identity/gsi/web/guides/fedcm-migration?s=dc#display_moment and https://developers.google.com/identity/gsi/web/guides/fedcm-migration?s=dc#skipped_moment @ https://accounts.google.com/gsi/client:80
[    2139ms] [WARNING] Deprecated API for given entry type. @ https://vercel.com/_next/static/chunks/c4c56c7193c3d2ee.js?dpl=dpl_FvWcaHPkTtLyDPmTgFiMzHnQx6x6:18
[    2235ms] [ERROR] Failed to load resource: the server responded with a status of 403 () @ https://vercel.com/api/jwt:0
[    5836ms] [WARNING] The resource https://vercel.com/_next/static/media/stripe-dark.48a95cc5.svg?dpl=dpl_FvWcaHPkTtLyDPmTgFiMzHnQx6x6 was preloaded using link preload but not used within a few seconds from the window's load event. Please make sure it has an appropriate `as` value and it is preloaded intentionally. @ https://vercel.com/login?next=%2Fmovo24s-projects%2Ftimewin24:0
[    5836ms] [WARNING] The resource https://vercel.com/_next/static/chunks/1841fd7b49484d74.css?dpl=dpl_FvWcaHPkTtLyDPmTgFiMzHnQx6x6 was preloaded using link preload but not used within a few seconds from the window's load event. Please make sure it has an appropriate `as` value and it is preloaded intentionally. @ https://vercel.com/login?next=%2Fmovo24s-projects%2Ftimewin24:0
[    5836ms] [WARNING] The resource https://vercel.com/_next/static/chunks/c5187109d58ba747.css?dpl=dpl_FvWcaHPkTtLyDPmTgFiMzHnQx6x6 was preloaded using link preload but not used within a few seconds from the window's load event. Please make sure it has an appropriate `as` value and it is preloaded intentionally. @ https://vercel.com/login?next=%2Fmovo24s-projects%2Ftimewin24:0
[    5836ms] [WARNING] The resource https://vercel.com/_next/static/media/ebay-light.d32ee4fa.svg?dpl=dpl_FvWcaHPkTtLyDPmTgFiMzHnQx6x6 was preloaded using link preload but not used within a few seconds from the window's load event. Please make sure it has an appropriate `as` value and it is preloaded intentionally. @ https://vercel.com/login?next=%2Fmovo24s-projects%2Ftimewin24:0
[    5836ms] [WARNING] The resource https://vercel.com/_next/static/media/stripe-light.9f600ad2.svg?dpl=dpl_FvWcaHPkTtLyDPmTgFiMzHnQx6x6 was preloaded using link preload but not used within a few seconds from the window's load event. Please make sure it has an appropriate `as` value and it is preloaded intentionally. @ https://vercel.com/login?next=%2Fmovo24s-projects%2Ftimewin24:0
[    5836ms] [WARNING] The resource https://vercel.com/_next/static/media/adobe-light.f79f3d81.svg?dpl=dpl_FvWcaHPkTtLyDPmTgFiMzHnQx6x6 was preloaded using link preload but not used within a few seconds from the window's load event. Please make sure it has an appropriate `as` value and it is preloaded intentionally. @ https://vercel.com/login?next=%2Fmovo24s-projects%2Ftimewin24:0
[    5836ms] [WARNING] The resource https://vercel.com/_next/static/chunks/a4c9703d26f238f2.css?dpl=dpl_FvWcaHPkTtLyDPmTgFiMzHnQx6x6 was preloaded using link preload but not used within a few seconds from the window's load event. Please make sure it has an appropriate `as` value and it is preloaded intentionally. @ https://vercel.com/login?next=%2Fmovo24s-projects%2Ftimewin24:0
[    5836ms] [WARNING] The resource https://vercel.com/_next/static/chunks/5451265637787101.css?dpl=dpl_FvWcaHPkTtLyDPmTgFiMzHnQx6x6 was preloaded using link preload but not used within a few seconds from the window's load event. Please make sure it has an appropriate `as` value and it is preloaded intentionally. @ https://vercel.com/login?next=%2Fmovo24s-projects%2Ftimewin24:0
[    5836ms] [WARNING] The resource https://vercel.com/_next/static/media/ebay-dark.c0f6b334.svg?dpl=dpl_FvWcaHPkTtLyDPmTgFiMzHnQx6x6 was preloaded using link preload but not used within a few seconds from the window's load event. Please make sure it has an appropriate `as` value and it is preloaded intentionally. @ https://vercel.com/login?next=%2Fmovo24s-projects%2Ftimewin24:0
[   22047ms] [WARNING] The resource https://vercel.com/_next/static/media/stripe-dark.48a95cc5.svg?dpl=dpl_FvWcaHPkTtLyDPmTgFiMzHnQx6x6 was preloaded using link preload but not used within a few seconds from the window's load event. Please make sure it has an appropriate `as` value and it is preloaded intentionally. @ https://vercel.com/login?next=%2Fmovo24s-projects%2Ftimewin24:0
[   22048ms] [WARNING] The resource https://vercel.com/_next/static/chunks/1841fd7b49484d74.css?dpl=dpl_FvWcaHPkTtLyDPmTgFiMzHnQx6x6 was preloaded using link preload but not used within a few seconds from the window's load event. Please make sure it has an appropriate `as` value and it is preloaded intentionally. @ https://vercel.com/login?next=%2Fmovo24s-projects%2Ftimewin24:0
[   22048ms] [WARNING] The resource https://vercel.com/_next/static/chunks/c5187109d58ba747.css?dpl=dpl_FvWcaHPkTtLyDPmTgFiMzHnQx6x6 was preloaded using link preload but not used within a few seconds from the window's load event. Please make sure it has an appropriate `as` value and it is preloaded intentionally. @ https://vercel.com/login?next=%2Fmovo24s-projects%2Ftimewin24:0
[   22048ms] [WARNING] The resource https://vercel.com/_next/static/media/ebay-light.d32ee4fa.svg?dpl=dpl_FvWcaHPkTtLyDPmTgFiMzHnQx6x6 was preloaded using link preload but not used within a few seconds from the window's load event. Please make sure it has an appropriate `as` value and it is preloaded intentionally. @ https://vercel.com/login?next=%2Fmovo24s-projects%2Ftimewin24:0
[   22048ms] [WARNING] The resource https://vercel.com/_next/static/media/stripe-light.9f600ad2.svg?dpl=dpl_FvWcaHPkTtLyDPmTgFiMzHnQx6x6 was preloaded using link preload but not used within a few seconds from the window's load event. Please make sure it has an appropriate `as` value and it is preloaded intentionally. @ https://vercel.com/login?next=%2Fmovo24s-projects%2Ftimewin24:0
[   22048ms] [WARNING] The resource https://vercel.com/_next/static/media/adobe-light.f79f3d81.svg?dpl=dpl_FvWcaHPkTtLyDPmTgFiMzHnQx6x6 was preloaded using link preload but not used within a few seconds from the window's load event. Please make sure it has an appropriate `as` value and it is preloaded intentionally. @ https://vercel.com/login?next=%2Fmovo24s-projects%2Ftimewin24:0
[   22048ms] [WARNING] The resource https://vercel.com/_next/static/chunks/a4c9703d26f238f2.css?dpl=dpl_FvWcaHPkTtLyDPmTgFiMzHnQx6x6 was preloaded using link preload but not used within a few seconds from the window's load event. Please make sure it has an appropriate `as` value and it is preloaded intentionally. @ https://vercel.com/login?next=%2Fmovo24s-projects%2Ftimewin24:0
[   22048ms] [WARNING] The resource https://vercel.com/_next/static/chunks/5451265637787101.css?dpl=dpl_FvWcaHPkTtLyDPmTgFiMzHnQx6x6 was preloaded using link preload but not used within a few seconds from the window's load event. Please make sure it has an appropriate `as` value and it is preloaded intentionally. @ https://vercel.com/login?next=%2Fmovo24s-projects%2Ftimewin24:0
[   22048ms] [WARNING] The resource https://vercel.com/_next/static/media/ebay-dark.c0f6b334.svg?dpl=dpl_FvWcaHPkTtLyDPmTgFiMzHnQx6x6 was preloaded using link preload but not used within a few seconds from the window's load event. Please make sure it has an appropriate `as` value and it is preloaded intentionally. @ https://vercel.com/login?next=%2Fmovo24s-projects%2Ftimewin24:0
